Starting training at: Fri Oct 31 05:54:43 AM CDT 2025
EGDCXRDataset ready: 756 cases | regions=4 | bbox_classes=17
EGDCXRDataset ready: 107 cases | regions=4 | bbox_classes=17
EGDCXRDataset ready: 219 cases | regions=4 | bbox_classes=17
Starting with frozen backbone; will unfreeze after epoch 5
[Epoch 01] TRAIN  loss=1.0853  acc=0.396
[Epoch 01] VAL    loss=1.0773  acc=0.486  macroAUC=0.727  perClassAUC=[0.744,0.589,0.847]
  → Saved best checkpoint (by macroAUC): runs/checkpoints/imgcnn_txrvd121/cnn_txrvd121_best.pt
[Epoch 02] TRAIN  loss=1.0492  acc=0.532
[Epoch 02] VAL    loss=1.0385  acc=0.551  macroAUC=0.780  perClassAUC=[0.778,0.709,0.853]
  → Saved best checkpoint (by macroAUC): runs/checkpoints/imgcnn_txrvd121/cnn_txrvd121_best.pt
[Epoch 03] TRAIN  loss=0.9777  acc=0.630
[Epoch 03] VAL    loss=0.9781  acc=0.551  macroAUC=0.808  perClassAUC=[0.791,0.776,0.856]
  → Saved best checkpoint (by macroAUC): runs/checkpoints/imgcnn_txrvd121/cnn_txrvd121_best.pt
[Epoch 04] TRAIN  loss=0.9069  acc=0.640
[Epoch 04] VAL    loss=0.9173  acc=0.589  macroAUC=0.804  perClassAUC=[0.799,0.757,0.855]
[Epoch 05] TRAIN  loss=0.8457  acc=0.642
[Epoch 05] VAL    loss=0.9007  acc=0.561  macroAUC=0.790  perClassAUC=[0.806,0.709,0.855]
[Epoch 06] Unfreezing backbone
[Epoch 06] TRAIN  loss=0.8255  acc=0.659
[Epoch 06] VAL    loss=0.8922  acc=0.579  macroAUC=0.798  perClassAUC=[0.811,0.726,0.858]
[Epoch 07] TRAIN  loss=0.8398  acc=0.642
[Epoch 07] VAL    loss=0.8769  acc=0.607  macroAUC=0.811  perClassAUC=[0.813,0.758,0.863]
  → Saved best checkpoint (by macroAUC): runs/checkpoints/imgcnn_txrvd121/cnn_txrvd121_best.pt
[Epoch 08] TRAIN  loss=0.7926  acc=0.681
[Epoch 08] VAL    loss=0.8602  acc=0.598  macroAUC=0.821  perClassAUC=[0.823,0.777,0.864]
  → Saved best checkpoint (by macroAUC): runs/checkpoints/imgcnn_txrvd121/cnn_txrvd121_best.pt
[Epoch 09] TRAIN  loss=0.7516  acc=0.701
[Epoch 09] VAL    loss=0.8347  acc=0.664  macroAUC=0.827  perClassAUC=[0.825,0.789,0.867]
  → Saved best checkpoint (by macroAUC): runs/checkpoints/imgcnn_txrvd121/cnn_txrvd121_best.pt
[Epoch 10] TRAIN  loss=0.7437  acc=0.688
[Epoch 10] VAL    loss=0.8124  acc=0.645  macroAUC=0.836  perClassAUC=[0.829,0.806,0.874]
  → Saved best checkpoint (by macroAUC): runs/checkpoints/imgcnn_txrvd121/cnn_txrvd121_best.pt
[Epoch 11] TRAIN  loss=0.7246  acc=0.717
[Epoch 11] VAL    loss=0.8082  acc=0.654  macroAUC=0.837  perClassAUC=[0.833,0.797,0.880]
  → Saved best checkpoint (by macroAUC): runs/checkpoints/imgcnn_txrvd121/cnn_txrvd121_best.pt
[Epoch 12] TRAIN  loss=0.7400  acc=0.685
[Epoch 12] VAL    loss=0.8178  acc=0.645  macroAUC=0.833  perClassAUC=[0.834,0.780,0.884]
[Epoch 13] TRAIN  loss=0.7076  acc=0.722
[Epoch 13] VAL    loss=0.7877  acc=0.673  macroAUC=0.842  perClassAUC=[0.835,0.805,0.885]
  → Saved best checkpoint (by macroAUC): runs/checkpoints/imgcnn_txrvd121/cnn_txrvd121_best.pt
[Epoch 14] TRAIN  loss=0.6600  acc=0.750
[Epoch 14] VAL    loss=0.7702  acc=0.682  macroAUC=0.844  perClassAUC=[0.840,0.802,0.888]
  → Saved best checkpoint (by macroAUC): runs/checkpoints/imgcnn_txrvd121/cnn_txrvd121_best.pt
[Epoch 15] TRAIN  loss=0.7052  acc=0.714
[Epoch 15] VAL    loss=0.8018  acc=0.664  macroAUC=0.837  perClassAUC=[0.840,0.777,0.894]
[Epoch 16] TRAIN  loss=0.6767  acc=0.733
[Epoch 16] VAL    loss=0.7861  acc=0.664  macroAUC=0.843  perClassAUC=[0.840,0.795,0.895]
[Epoch 17] TRAIN  loss=0.6940  acc=0.761
[Epoch 17] VAL    loss=0.7756  acc=0.692  macroAUC=0.848  perClassAUC=[0.839,0.806,0.898]
  → Saved best checkpoint (by macroAUC): runs/checkpoints/imgcnn_txrvd121/cnn_txrvd121_best.pt
[Epoch 18] TRAIN  loss=0.6598  acc=0.750
[Epoch 18] VAL    loss=0.7697  acc=0.682  macroAUC=0.847  perClassAUC=[0.840,0.802,0.899]
[Epoch 19] TRAIN  loss=0.6208  acc=0.787
[Epoch 19] VAL    loss=0.7746  acc=0.673  macroAUC=0.850  perClassAUC=[0.843,0.808,0.900]
  → Saved best checkpoint (by macroAUC): runs/checkpoints/imgcnn_txrvd121/cnn_txrvd121_best.pt
[Epoch 20] TRAIN  loss=0.6702  acc=0.738
[Epoch 20] VAL    loss=0.7539  acc=0.692  macroAUC=0.853  perClassAUC=[0.843,0.811,0.904]
  → Saved best checkpoint (by macroAUC): runs/checkpoints/imgcnn_txrvd121/cnn_txrvd121_best.pt
[Epoch 21] TRAIN  loss=0.6908  acc=0.757
[Epoch 21] VAL    loss=0.7759  acc=0.664  macroAUC=0.851  perClassAUC=[0.840,0.810,0.902]
[Epoch 22] TRAIN  loss=0.5766  acc=0.790
[Epoch 22] VAL    loss=0.7456  acc=0.682  macroAUC=0.855  perClassAUC=[0.843,0.820,0.901]
  → Saved best checkpoint (by macroAUC): runs/checkpoints/imgcnn_txrvd121/cnn_txrvd121_best.pt
[Epoch 23] TRAIN  loss=0.5799  acc=0.799
[Epoch 23] VAL    loss=0.7541  acc=0.673  macroAUC=0.851  perClassAUC=[0.845,0.806,0.902]
[Epoch 24] TRAIN  loss=0.5944  acc=0.782
[Epoch 24] VAL    loss=0.7678  acc=0.692  macroAUC=0.850  perClassAUC=[0.846,0.803,0.901]
[Epoch 25] TRAIN  loss=0.5835  acc=0.806
[Epoch 25] VAL    loss=0.7578  acc=0.682  macroAUC=0.853  perClassAUC=[0.846,0.812,0.902]
