Starting training at: Fri Oct 31 04:34:37 AM CDT 2025
EGDCXRDataset ready: 756 cases | regions=4 | bbox_classes=17
EGDCXRDataset ready: 107 cases | regions=4 | bbox_classes=17
EGDCXRDataset ready: 219 cases | regions=4 | bbox_classes=17
Starting with frozen backbone; will unfreeze after epoch 5
[Epoch 01] train: loss=1.0958 acc=0.360 | val:   loss=1.1058 acc=0.355
  → Saved best checkpoint: runs/checkpoints/imgcnn_r50/cnn_r50_best.pt
[Epoch 02] train: loss=1.0755 acc=0.439 | val:   loss=1.0934 acc=0.439
  → Saved best checkpoint: runs/checkpoints/imgcnn_r50/cnn_r50_best.pt
[Epoch 03] train: loss=1.0542 acc=0.504 | val:   loss=1.0895 acc=0.364
  → Saved best checkpoint: runs/checkpoints/imgcnn_r50/cnn_r50_best.pt
[Epoch 04] train: loss=1.0358 acc=0.507 | val:   loss=1.0908 acc=0.327
[Epoch 05] train: loss=1.0322 acc=0.516 | val:   loss=1.0751 acc=0.411
  → Saved best checkpoint: runs/checkpoints/imgcnn_r50/cnn_r50_best.pt
[Epoch 06] Unfreezing backbone
[Epoch 06] train: loss=0.8211 acc=0.680 | val:   loss=1.0288 acc=0.514
  → Saved best checkpoint: runs/checkpoints/imgcnn_r50/cnn_r50_best.pt
[Epoch 07] train: loss=0.4738 acc=0.865 | val:   loss=1.3392 acc=0.495
[Epoch 08] train: loss=0.3273 acc=0.939 | val:   loss=1.4360 acc=0.514
[Epoch 09] train: loss=0.2810 acc=0.962 | val:   loss=1.0485 acc=0.505
[Epoch 10] train: loss=0.2433 acc=0.974 | val:   loss=1.2007 acc=0.542
[Epoch 11] train: loss=0.2522 acc=0.967 | val:   loss=1.2056 acc=0.505
[Epoch 12] train: loss=0.2224 acc=0.988 | val:   loss=1.1156 acc=0.542
[Epoch 13] train: loss=0.2174 acc=0.988 | val:   loss=1.1032 acc=0.607
[Epoch 14] train: loss=0.2160 acc=0.985 | val:   loss=1.5718 acc=0.579
[Epoch 15] train: loss=0.2136 acc=0.987 | val:   loss=1.0273 acc=0.654
  → Saved best checkpoint: runs/checkpoints/imgcnn_r50/cnn_r50_best.pt
[Epoch 16] train: loss=0.2204 acc=0.983 | val:   loss=1.0795 acc=0.607
[Epoch 17] train: loss=0.2408 acc=0.970 | val:   loss=1.4174 acc=0.523
[Epoch 18] train: loss=0.2138 acc=0.985 | val:   loss=1.1495 acc=0.570
[Epoch 19] train: loss=0.2348 acc=0.976 | val:   loss=1.2973 acc=0.523
[Epoch 20] train: loss=0.2036 acc=0.989 | val:   loss=1.2353 acc=0.598
[Epoch 21] train: loss=0.2066 acc=0.988 | val:   loss=1.2093 acc=0.654
[Epoch 22] train: loss=0.1984 acc=0.992 | val:   loss=1.0350 acc=0.664
[Epoch 23] train: loss=0.2060 acc=0.987 | val:   loss=1.2304 acc=0.626
[Epoch 24] train: loss=0.2005 acc=0.988 | val:   loss=1.0612 acc=0.682
[Epoch 25] train: loss=0.1985 acc=0.988 | val:   loss=1.0536 acc=0.673
[Epoch 26] train: loss=0.2052 acc=0.983 | val:   loss=1.8132 acc=0.477
[Epoch 27] train: loss=0.2006 acc=0.989 | val:   loss=1.7052 acc=0.439
[Epoch 28] train: loss=0.1868 acc=0.996 | val:   loss=1.1128 acc=0.589
[Epoch 29] train: loss=0.1794 acc=0.999 | val:   loss=1.1710 acc=0.607
[Epoch 30] train: loss=0.1874 acc=0.997 | val:   loss=1.2815 acc=0.551
[Epoch 31] train: loss=0.1856 acc=0.993 | val:   loss=1.3899 acc=0.561
[Epoch 32] train: loss=0.1865 acc=0.996 | val:   loss=1.1473 acc=0.654
[Epoch 33] train: loss=0.1899 acc=0.993 | val:   loss=1.1541 acc=0.664
[Epoch 34] train: loss=0.1909 acc=0.991 | val:   loss=1.0503 acc=0.654
[Epoch 35] train: loss=0.1827 acc=0.995 | val:   loss=1.0368 acc=0.645
[Epoch 36] train: loss=0.1824 acc=0.999 | val:   loss=1.1166 acc=0.626
[Epoch 37] train: loss=0.1773 acc=0.999 | val:   loss=1.2747 acc=0.589
[Epoch 38] train: loss=0.1740 acc=1.000 | val:   loss=1.0329 acc=0.673
[Epoch 39] train: loss=0.1795 acc=0.997 | val:   loss=1.2982 acc=0.607
[Epoch 40] train: loss=0.1761 acc=1.000 | val:   loss=1.2283 acc=0.636
[Epoch 41] train: loss=0.1827 acc=0.996 | val:   loss=1.1961 acc=0.607
[Epoch 42] train: loss=0.1918 acc=0.993 | val:   loss=1.0647 acc=0.673
[Epoch 43] train: loss=0.1767 acc=0.999 | val:   loss=1.0737 acc=0.664
[Epoch 44] train: loss=0.1767 acc=1.000 | val:   loss=1.1294 acc=0.664
[Epoch 45] train: loss=0.1814 acc=0.996 | val:   loss=1.4652 acc=0.589
[Epoch 46] train: loss=0.1877 acc=0.992 | val:   loss=1.1377 acc=0.654
[Epoch 47] train: loss=0.1845 acc=0.993 | val:   loss=1.2323 acc=0.626
[Epoch 48] train: loss=0.1767 acc=1.000 | val:   loss=1.2790 acc=0.598
[Epoch 49] train: loss=0.1764 acc=0.999 | val:   loss=1.1691 acc=0.654
[Epoch 50] train: loss=0.1805 acc=0.997 | val:   loss=1.5549 acc=0.523
[Test] loss=1.3654 acc=0.598
Training finished.
Finished at: Fri Oct 31 06:37:08 AM CDT 2025
