Starting training at: Fri Oct 31 05:54:40 AM CDT 2025
EGDCXRDataset ready: 756 cases | regions=4 | bbox_classes=17
EGDCXRDataset ready: 107 cases | regions=4 | bbox_classes=17
EGDCXRDataset ready: 219 cases | regions=4 | bbox_classes=17
Starting with frozen backbone; will unfreeze after epoch 5
[Epoch 01] TRAIN  loss=1.1336  acc=0.340
[Epoch 01] VAL    loss=1.1247  acc=0.336  macroAUC=0.536  perClassAUC=[0.529,0.530,0.550]
  → Saved best checkpoint (by macroAUC): runs/checkpoints/imgcnn_d121/cnn_d121_best.pt
[Epoch 02] TRAIN  loss=1.1179  acc=0.372
[Epoch 02] VAL    loss=1.0520  acc=0.533  macroAUC=0.685  perClassAUC=[0.671,0.643,0.741]
  → Saved best checkpoint (by macroAUC): runs/checkpoints/imgcnn_d121/cnn_d121_best.pt
[Epoch 03] TRAIN  loss=1.0310  acc=0.484
[Epoch 03] VAL    loss=1.0159  acc=0.533  macroAUC=0.729  perClassAUC=[0.723,0.668,0.796]
  → Saved best checkpoint (by macroAUC): runs/checkpoints/imgcnn_d121/cnn_d121_best.pt
[Epoch 04] TRAIN  loss=0.9814  acc=0.529
[Epoch 04] VAL    loss=0.9718  acc=0.589  macroAUC=0.751  perClassAUC=[0.743,0.700,0.809]
  → Saved best checkpoint (by macroAUC): runs/checkpoints/imgcnn_d121/cnn_d121_best.pt
[Epoch 05] TRAIN  loss=0.9185  acc=0.571
[Epoch 05] VAL    loss=0.9698  acc=0.514  macroAUC=0.744  perClassAUC=[0.740,0.681,0.811]
[Epoch 06] Unfreezing backbone
[Epoch 06] TRAIN  loss=0.8982  acc=0.599
[Epoch 06] VAL    loss=0.9374  acc=0.561  macroAUC=0.755  perClassAUC=[0.753,0.681,0.830]
  → Saved best checkpoint (by macroAUC): runs/checkpoints/imgcnn_d121/cnn_d121_best.pt
[Epoch 07] TRAIN  loss=0.8480  acc=0.648
[Epoch 07] VAL    loss=0.9175  acc=0.617  macroAUC=0.757  perClassAUC=[0.769,0.667,0.835]
  → Saved best checkpoint (by macroAUC): runs/checkpoints/imgcnn_d121/cnn_d121_best.pt
[Epoch 08] TRAIN  loss=0.7412  acc=0.716
[Epoch 08] VAL    loss=0.9037  acc=0.579  macroAUC=0.768  perClassAUC=[0.780,0.686,0.839]
  → Saved best checkpoint (by macroAUC): runs/checkpoints/imgcnn_d121/cnn_d121_best.pt
[Epoch 09] TRAIN  loss=0.6001  acc=0.828
[Epoch 09] VAL    loss=0.9054  acc=0.551  macroAUC=0.774  perClassAUC=[0.769,0.706,0.848]
  → Saved best checkpoint (by macroAUC): runs/checkpoints/imgcnn_d121/cnn_d121_best.pt
[Epoch 10] TRAIN  loss=0.5052  acc=0.864
[Epoch 10] VAL    loss=0.9035  acc=0.626  macroAUC=0.786  perClassAUC=[0.772,0.740,0.847]
  → Saved best checkpoint (by macroAUC): runs/checkpoints/imgcnn_d121/cnn_d121_best.pt
[Epoch 11] TRAIN  loss=0.3524  acc=0.943
[Epoch 11] VAL    loss=0.8875  acc=0.607  macroAUC=0.799  perClassAUC=[0.784,0.752,0.862]
  → Saved best checkpoint (by macroAUC): runs/checkpoints/imgcnn_d121/cnn_d121_best.pt
[Epoch 12] TRAIN  loss=0.3049  acc=0.964
[Epoch 12] VAL    loss=0.8616  acc=0.617  macroAUC=0.810  perClassAUC=[0.788,0.763,0.879]
  → Saved best checkpoint (by macroAUC): runs/checkpoints/imgcnn_d121/cnn_d121_best.pt
[Epoch 13] TRAIN  loss=0.2508  acc=0.979
[Epoch 13] VAL    loss=0.8810  acc=0.598  macroAUC=0.805  perClassAUC=[0.789,0.758,0.869]
[Epoch 14] TRAIN  loss=0.2211  acc=0.992
[Epoch 14] VAL    loss=0.9159  acc=0.570  macroAUC=0.771  perClassAUC=[0.777,0.685,0.850]
[Epoch 15] TRAIN  loss=0.2119  acc=0.997
[Epoch 15] VAL    loss=0.8597  acc=0.617  macroAUC=0.802  perClassAUC=[0.812,0.732,0.863]
[Epoch 16] TRAIN  loss=0.2079  acc=0.999
[Epoch 16] VAL    loss=0.8619  acc=0.598  macroAUC=0.794  perClassAUC=[0.794,0.724,0.865]
[Epoch 17] TRAIN  loss=0.2033  acc=0.999
[Epoch 17] VAL    loss=0.9400  acc=0.645  macroAUC=0.777  perClassAUC=[0.756,0.733,0.842]
[Epoch 18] TRAIN  loss=0.1979  acc=1.000
[Epoch 18] VAL    loss=0.9254  acc=0.598  macroAUC=0.798  perClassAUC=[0.790,0.745,0.857]
[Epoch 19] TRAIN  loss=0.2172  acc=0.997
[Epoch 19] VAL    loss=0.8616  acc=0.636  macroAUC=0.805  perClassAUC=[0.807,0.741,0.867]
[Epoch 20] TRAIN  loss=0.1985  acc=1.000
[Epoch 20] VAL    loss=0.8559  acc=0.589  macroAUC=0.800  perClassAUC=[0.806,0.722,0.873]
[Epoch 21] TRAIN  loss=0.1993  acc=1.000
[Epoch 21] VAL    loss=0.8807  acc=0.589  macroAUC=0.789  perClassAUC=[0.795,0.714,0.858]
[Epoch 22] TRAIN  loss=0.1934  acc=0.999
[Epoch 22] VAL    loss=0.8828  acc=0.617  macroAUC=0.786  perClassAUC=[0.781,0.719,0.859]
[Epoch 23] TRAIN  loss=0.1946  acc=1.000
[Epoch 23] VAL    loss=0.9008  acc=0.579  macroAUC=0.805  perClassAUC=[0.812,0.740,0.862]
[Epoch 24] TRAIN  loss=0.1933  acc=1.000
[Epoch 24] VAL    loss=0.8908  acc=0.589  macroAUC=0.783  perClassAUC=[0.802,0.700,0.846]
[Epoch 25] TRAIN  loss=0.1987  acc=1.000
[Epoch 25] VAL    loss=0.8847  acc=0.607  macroAUC=0.814  perClassAUC=[0.808,0.767,0.867]
  → Saved best checkpoint (by macroAUC): runs/checkpoints/imgcnn_d121/cnn_d121_best.pt
[Epoch 26] TRAIN  loss=0.1941  acc=1.000
[Epoch 26] VAL    loss=0.8233  acc=0.645  macroAUC=0.815  perClassAUC=[0.812,0.761,0.871]
  → Saved best checkpoint (by macroAUC): runs/checkpoints/imgcnn_d121/cnn_d121_best.pt
