Starting training at: Fri Oct 31 05:15:55 AM CDT 2025
EGDCXRDataset ready: 756 cases | regions=4 | bbox_classes=17
EGDCXRDataset ready: 107 cases | regions=4 | bbox_classes=17
EGDCXRDataset ready: 219 cases | regions=4 | bbox_classes=17
Starting with frozen backbone; will unfreeze after epoch 5
[Epoch 01] train: loss=0.9934 acc=0.512 | val: loss=1.0008 acc=0.477 macroAUC=0.712
Per-class (val):
              precision    recall  f1-score   support

         CHF      0.442     0.657     0.529        35
   pneumonia      0.400     0.333     0.364        36
      Normal      0.640     0.444     0.525        36

    accuracy                          0.477       107
   macro avg      0.494     0.478     0.472       107
weighted avg      0.495     0.477     0.472       107

  → Saved best checkpoint: runs/checkpoints/imgcnn_d121/cnn_d121_best.pt
[Epoch 02] train: loss=0.7964 acc=0.690 | val: loss=0.9524 acc=0.523 macroAUC=0.728
Per-class (val):
              precision    recall  f1-score   support

         CHF      0.553     0.600     0.575        35
   pneumonia      0.388     0.528     0.447        36
      Normal      0.800     0.444     0.571        36

    accuracy                          0.523       107
   macro avg      0.580     0.524     0.531       107
weighted avg      0.580     0.523     0.531       107

  → Saved best checkpoint: runs/checkpoints/imgcnn_d121/cnn_d121_best.pt
[Epoch 03] train: loss=0.7145 acc=0.747 | val: loss=0.9878 acc=0.486 macroAUC=0.689
Per-class (val):
              precision    recall  f1-score   support

         CHF      0.500     0.514     0.507        35
   pneumonia      0.350     0.389     0.368        36
      Normal      0.645     0.556     0.597        36

    accuracy                          0.486       107
   macro avg      0.498     0.486     0.491       107
weighted avg      0.498     0.486     0.491       107

[Epoch 04] train: loss=0.6243 acc=0.804 | val: loss=1.0270 acc=0.495 macroAUC=0.671
Per-class (val):
              precision    recall  f1-score   support

         CHF      0.447     0.486     0.466        35
   pneumonia      0.400     0.444     0.421        36
      Normal      0.690     0.556     0.615        36

    accuracy                          0.495       107
   macro avg      0.512     0.495     0.501       107
weighted avg      0.513     0.495     0.501       107

[Epoch 05] train: loss=0.5212 acc=0.860 | val: loss=1.0696 acc=0.486 macroAUC=0.677
Per-class (val):
              precision    recall  f1-score   support

         CHF      0.531     0.486     0.507        35
   pneumonia      0.318     0.194     0.241        36
      Normal      0.528     0.778     0.629        36

    accuracy                          0.486       107
   macro avg      0.459     0.486     0.459       107
weighted avg      0.459     0.486     0.459       107

[Epoch 06] Unfreezing backbone
[Epoch 06] train: loss=0.7020 acc=0.728 | val: loss=1.3981 acc=0.439 macroAUC=0.704
Per-class (val):
              precision    recall  f1-score   support

         CHF      0.564     0.629     0.595        35
   pneumonia      0.339     0.583     0.429        36
      Normal      0.667     0.111     0.190        36

    accuracy                          0.439       107
   macro avg      0.523     0.441     0.405       107
weighted avg      0.523     0.439     0.403       107

[Epoch 07] train: loss=0.5604 acc=0.828 | val: loss=0.9507 acc=0.617 macroAUC=0.839
Per-class (val):
              precision    recall  f1-score   support

         CHF      0.703     0.743     0.722        35
   pneumonia      0.667     0.167     0.267        36
      Normal      0.557     0.944     0.701        36

    accuracy                          0.617       107
   macro avg      0.642     0.618     0.563       107
weighted avg      0.642     0.617     0.562       107

  → Saved best checkpoint: runs/checkpoints/imgcnn_d121/cnn_d121_best.pt
[Epoch 08] train: loss=0.4754 acc=0.851 | val: loss=1.0816 acc=0.589 macroAUC=0.811
Per-class (val):
              precision    recall  f1-score   support

         CHF      0.667     0.743     0.703        35
   pneumonia      0.714     0.139     0.233        36
      Normal      0.525     0.889     0.660        36

    accuracy                          0.589       107
   macro avg      0.635     0.590     0.532       107
weighted avg      0.635     0.589     0.530       107

[Epoch 09] train: loss=0.4020 acc=0.905 | val: loss=1.3204 acc=0.449 macroAUC=0.746
Per-class (val):
              precision    recall  f1-score   support

         CHF      0.459     0.800     0.583        35
   pneumonia      0.381     0.444     0.410        36
      Normal      1.000     0.111     0.200        36

    accuracy                          0.449       107
   macro avg      0.613     0.452     0.398       107
weighted avg      0.615     0.449     0.396       107

[Epoch 10] train: loss=0.3667 acc=0.919 | val: loss=1.5420 acc=0.495 macroAUC=0.739
Per-class (val):
              precision    recall  f1-score   support

         CHF      0.875     0.400     0.549        35
   pneumonia      0.400     0.944     0.562        36
      Normal      0.833     0.139     0.238        36

    accuracy                          0.495       107
   macro avg      0.703     0.494     0.450       107
weighted avg      0.701     0.495     0.449       107

[Epoch 11] train: loss=0.3635 acc=0.922 | val: loss=1.8647 acc=0.551 macroAUC=0.789
Per-class (val):
              precision    recall  f1-score   support

         CHF      0.909     0.571     0.702        35
   pneumonia      0.750     0.083     0.150        36
      Normal      0.444     1.000     0.615        36

    accuracy                          0.551       107
   macro avg      0.701     0.552     0.489       107
weighted avg      0.699     0.551     0.487       107

[Epoch 12] train: loss=0.3077 acc=0.939 | val: loss=1.0829 acc=0.589 macroAUC=0.764
Per-class (val):
              precision    recall  f1-score   support

         CHF      0.833     0.286     0.426        35
   pneumonia      0.489     0.611     0.543        36
      Normal      0.620     0.861     0.721        36

    accuracy                          0.589       107
   macro avg      0.647     0.586     0.563       107
weighted avg      0.646     0.589     0.565       107

[Epoch 13] train: loss=0.3141 acc=0.934 | val: loss=1.7685 acc=0.449 macroAUC=0.670
Per-class (val):
              precision    recall  f1-score   support

         CHF      1.000     0.057     0.108        35
   pneumonia      0.381     0.889     0.533        36
      Normal      0.667     0.389     0.491        36

    accuracy                          0.449       107
   macro avg      0.683     0.445     0.378       107
weighted avg      0.680     0.449     0.380       107

[Epoch 14] train: loss=0.2648 acc=0.960 | val: loss=0.9027 acc=0.636 macroAUC=0.811
Per-class (val):
              precision    recall  f1-score   support

         CHF      0.629     0.629     0.629        35
   pneumonia      0.548     0.472     0.507        36
      Normal      0.707     0.806     0.753        36

    accuracy                          0.636       107
   macro avg      0.628     0.635     0.630       107
weighted avg      0.628     0.636     0.630       107

  → Saved best checkpoint: runs/checkpoints/imgcnn_d121/cnn_d121_best.pt
[Epoch 15] train: loss=0.2657 acc=0.959 | val: loss=1.1013 acc=0.626 macroAUC=0.830
Per-class (val):
              precision    recall  f1-score   support

         CHF      0.703     0.743     0.722        35
   pneumonia      0.750     0.167     0.273        36
      Normal      0.565     0.972     0.714        36

    accuracy                          0.626       107
   macro avg      0.672     0.627     0.570       107
weighted avg      0.672     0.626     0.568       107

[Epoch 16] train: loss=0.2790 acc=0.958 | val: loss=1.4191 acc=0.551 macroAUC=0.737
Per-class (val):
              precision    recall  f1-score   support

         CHF      0.521     0.714     0.602        35
   pneumonia      0.463     0.528     0.494        36
      Normal      0.833     0.417     0.556        36

    accuracy                          0.551       107
   macro avg      0.606     0.553     0.550       107
weighted avg      0.607     0.551     0.550       107

[Epoch 17] train: loss=0.2636 acc=0.960 | val: loss=1.3791 acc=0.579 macroAUC=0.770
Per-class (val):
              precision    recall  f1-score   support

         CHF      0.733     0.629     0.677        35
   pneumonia      0.466     0.750     0.574        36
      Normal      0.684     0.361     0.473        36

    accuracy                          0.579       107
   macro avg      0.628     0.580     0.575       107
weighted avg      0.627     0.579     0.574       107

[Epoch 18] train: loss=0.2475 acc=0.974 | val: loss=1.3038 acc=0.533 macroAUC=0.766
Per-class (val):
              precision    recall  f1-score   support

         CHF      0.857     0.171     0.286        35
   pneumonia      0.423     0.611     0.500        36
      Normal      0.604     0.806     0.690        36

    accuracy                          0.533       107
   macro avg      0.628     0.529     0.492       107
weighted avg      0.626     0.533     0.494       107

[Epoch 19] train: loss=0.2312 acc=0.979 | val: loss=1.0669 acc=0.598 macroAUC=0.805
Per-class (val):
              precision    recall  f1-score   support

         CHF      0.564     0.629     0.595        35
   pneumonia      0.462     0.333     0.387        36
      Normal      0.714     0.833     0.769        36

    accuracy                          0.598       107
   macro avg      0.580     0.598     0.584       107
weighted avg      0.580     0.598     0.584       107

[Epoch 20] train: loss=0.2329 acc=0.976 | val: loss=1.0093 acc=0.598 macroAUC=0.819
Per-class (val):
              precision    recall  f1-score   support

         CHF      0.677     0.600     0.636        35
   pneumonia      0.477     0.583     0.525        36
      Normal      0.688     0.611     0.647        36

    accuracy                          0.598       107
   macro avg      0.614     0.598     0.603       107
weighted avg      0.613     0.598     0.602       107

[Epoch 21] train: loss=0.2149 acc=0.981 | val: loss=1.0903 acc=0.617 macroAUC=0.780
Per-class (val):
              precision    recall  f1-score   support

         CHF      0.577     0.857     0.690        35
   pneumonia      0.529     0.250     0.340        36
      Normal      0.711     0.750     0.730        36

    accuracy                          0.617       107
   macro avg      0.606     0.619     0.586       107
weighted avg      0.606     0.617     0.585       107

[Epoch 22] train: loss=0.2413 acc=0.970 | val: loss=0.9988 acc=0.664 macroAUC=0.814
Per-class (val):
              precision    recall  f1-score   support

         CHF      0.850     0.486     0.618        35
   pneumonia      0.575     0.639     0.605        36
      Normal      0.660     0.861     0.747        36

    accuracy                          0.664       107
   macro avg      0.695     0.662     0.657       107
weighted avg      0.693     0.664     0.657       107

[Epoch 23] train: loss=0.2214 acc=0.978 | val: loss=1.2266 acc=0.589 macroAUC=0.829
Per-class (val):
              precision    recall  f1-score   support

         CHF      0.658     0.714     0.685        35
   pneumonia      0.556     0.139     0.222        36
      Normal      0.550     0.917     0.688        36

    accuracy                          0.589       107
   macro avg      0.588     0.590     0.532       107
weighted avg      0.587     0.589     0.530       107

[Epoch 24] train: loss=0.2367 acc=0.974 | val: loss=1.1161 acc=0.598 macroAUC=0.797
Per-class (val):
              precision    recall  f1-score   support

         CHF      0.510     0.743     0.605        35
   pneumonia      0.593     0.444     0.508        36
      Normal      0.759     0.611     0.677        36

    accuracy                          0.598       107
   macro avg      0.620     0.599     0.597       107
weighted avg      0.621     0.598     0.596       107

[Epoch 25] train: loss=0.2370 acc=0.971 | val: loss=1.1597 acc=0.589 macroAUC=0.795
Per-class (val):
              precision    recall  f1-score   support

         CHF      0.692     0.514     0.590        35
   pneumonia      0.481     0.361     0.413        36
      Normal      0.593     0.889     0.711        36

    accuracy                          0.589       107
   macro avg      0.589     0.588     0.571       107
weighted avg      0.588     0.589     0.571       107

[Epoch 26] train: loss=0.2078 acc=0.987 | val: loss=1.1379 acc=0.570 macroAUC=0.794
Per-class (val):
              precision    recall  f1-score   support

         CHF      0.594     0.543     0.567        35
   pneumonia      0.446     0.694     0.543        36
      Normal      0.895     0.472     0.618        36

    accuracy                          0.570       107
   macro avg      0.645     0.570     0.576       107
weighted avg      0.645     0.570     0.576       107

[Epoch 27] train: loss=0.2142 acc=0.985 | val: loss=0.9747 acc=0.645 macroAUC=0.832
Per-class (val):
              precision    recall  f1-score   support

         CHF      0.585     0.686     0.632        35
   pneumonia      0.548     0.472     0.507        36
      Normal      0.800     0.778     0.789        36

    accuracy                          0.645       107
   macro avg      0.645     0.645     0.643       107
weighted avg      0.645     0.645     0.643       107

[Epoch 28] train: loss=0.2051 acc=0.988 | val: loss=1.4580 acc=0.533 macroAUC=0.831
Per-class (val):
              precision    recall  f1-score   support

         CHF      0.679     0.543     0.603        35
   pneumonia      0.500     0.083     0.143        36
      Normal      0.479     0.972     0.642        36

    accuracy                          0.533       107
   macro avg      0.553     0.533     0.463       107
weighted avg      0.551     0.533     0.461       107

[Epoch 29] train: loss=0.2011 acc=0.992 | val: loss=1.0845 acc=0.645 macroAUC=0.800
Per-class (val):
              precision    recall  f1-score   support

         CHF      0.595     0.629     0.611        35
   pneumonia      0.524     0.611     0.564        36
      Normal      0.893     0.694     0.781        36

    accuracy                          0.645       107
   macro avg      0.670     0.645     0.652       107
weighted avg      0.671     0.645     0.653       107

[Epoch 30] train: loss=0.2133 acc=0.985 | val: loss=1.9146 acc=0.411 macroAUC=0.677
Per-class (val):
              precision    recall  f1-score   support

         CHF      0.889     0.229     0.364        35
   pneumonia      0.361     0.972     0.526        36
      Normal      1.000     0.028     0.054        36

    accuracy                          0.411       107
   macro avg      0.750     0.410     0.315       107
weighted avg      0.749     0.411     0.314       107

[Epoch 31] train: loss=0.2106 acc=0.989 | val: loss=1.4099 acc=0.570 macroAUC=0.732
Per-class (val):
              precision    recall  f1-score   support

         CHF      0.649     0.686     0.667        35
   pneumonia      0.436     0.667     0.527        36
      Normal      0.867     0.361     0.510        36

    accuracy                          0.570       107
   macro avg      0.651     0.571     0.568       107
weighted avg      0.651     0.570     0.567       107

[Epoch 32] train: loss=0.2366 acc=0.972 | val: loss=1.0809 acc=0.654 macroAUC=0.814
Per-class (val):
              precision    recall  f1-score   support

         CHF      0.587     0.771     0.667        35
   pneumonia      0.600     0.417     0.492        36
      Normal      0.778     0.778     0.778        36

    accuracy                          0.654       107
   macro avg      0.655     0.655     0.645       107
weighted avg      0.656     0.654     0.645       107

[Epoch 33] train: loss=0.2276 acc=0.980 | val: loss=1.0463 acc=0.654 macroAUC=0.839
Per-class (val):
              precision    recall  f1-score   support

         CHF      0.850     0.486     0.618        35
   pneumonia      0.536     0.833     0.652        36
      Normal      0.742     0.639     0.687        36

    accuracy                          0.654       107
   macro avg      0.709     0.653     0.652       107
weighted avg      0.708     0.654     0.653       107

[Epoch 34] train: loss=0.2110 acc=0.984 | val: loss=1.0485 acc=0.636 macroAUC=0.842
Per-class (val):
              precision    recall  f1-score   support

         CHF      0.590     0.657     0.622        35
   pneumonia      0.565     0.361     0.441        36
      Normal      0.711     0.889     0.790        36

    accuracy                          0.636       107
   macro avg      0.622     0.636     0.617       107
weighted avg      0.622     0.636     0.617       107

[Epoch 35] train: loss=0.2178 acc=0.983 | val: loss=1.0776 acc=0.636 macroAUC=0.829
Per-class (val):
              precision    recall  f1-score   support

         CHF      0.710     0.629     0.667        35
   pneumonia      0.619     0.361     0.456        36
      Normal      0.600     0.917     0.725        36

    accuracy                          0.636       107
   macro avg      0.643     0.635     0.616       107
weighted avg      0.642     0.636     0.616       107

[Epoch 36] train: loss=0.2085 acc=0.983 | val: loss=1.6334 acc=0.486 macroAUC=0.714
Per-class (val):
              precision    recall  f1-score   support

         CHF      0.600     0.771     0.675        35
   pneumonia      0.379     0.611     0.468        36
      Normal      0.750     0.083     0.150        36

    accuracy                          0.486       107
   macro avg      0.576     0.489     0.431       107
weighted avg      0.576     0.486     0.429       107

[Epoch 37] train: loss=0.2139 acc=0.984 | val: loss=1.0456 acc=0.626 macroAUC=0.837
Per-class (val):
              precision    recall  f1-score   support

         CHF      0.688     0.629     0.657        35
   pneumonia      0.519     0.389     0.444        36
      Normal      0.646     0.861     0.738        36

    accuracy                          0.626       107
   macro avg      0.617     0.626     0.613       107
weighted avg      0.617     0.626     0.613       107

[Epoch 38] train: loss=0.2222 acc=0.981 | val: loss=1.3614 acc=0.542 macroAUC=0.775
Per-class (val):
              precision    recall  f1-score   support

         CHF      0.812     0.371     0.510        35
   pneumonia      0.423     0.833     0.561        36
      Normal      0.750     0.417     0.536        36

    accuracy                          0.542       107
   macro avg      0.662     0.540     0.535       107
weighted avg      0.660     0.542     0.536       107

[Epoch 39] train: loss=0.2211 acc=0.983 | val: loss=1.0216 acc=0.664 macroAUC=0.810
Per-class (val):
              precision    recall  f1-score   support

         CHF      0.714     0.714     0.714        35
   pneumonia      0.576     0.528     0.551        36
      Normal      0.692     0.750     0.720        36

    accuracy                          0.664       107
   macro avg      0.661     0.664     0.662       107
weighted avg      0.660     0.664     0.661       107

[Epoch 40] train: loss=0.2038 acc=0.989 | val: loss=0.9892 acc=0.664 macroAUC=0.824
Per-class (val):
              precision    recall  f1-score   support

         CHF      0.694     0.714     0.704        35
   pneumonia      0.583     0.583     0.583        36
      Normal      0.714     0.694     0.704        36

    accuracy                          0.664       107
   macro avg      0.664     0.664     0.664       107
weighted avg      0.664     0.664     0.664       107

[Epoch 41] train: loss=0.2249 acc=0.983 | val: loss=0.9739 acc=0.682 macroAUC=0.832
Per-class (val):
              precision    recall  f1-score   support

         CHF      0.750     0.686     0.716        35
   pneumonia      0.654     0.472     0.548        36
      Normal      0.653     0.889     0.753        36

    accuracy                          0.682       107
   macro avg      0.686     0.682     0.673       107
weighted avg      0.685     0.682     0.672       107

