Starting training at: Fri Oct 31 05:11:58 AM CDT 2025
EGDCXRDataset ready: 756 cases | regions=4 | bbox_classes=17
EGDCXRDataset ready: 107 cases | regions=4 | bbox_classes=17
EGDCXRDataset ready: 219 cases | regions=4 | bbox_classes=17
Starting with frozen backbone; will unfreeze after epoch 5
[Epoch 01] train: loss=0.7484 acc=0.718 | val: loss=1.4189 acc=0.327 macroAUC=0.536
Per-class (val):
              precision    recall  f1-score   support

         CHF      0.327     1.000     0.493        35
   pneumonia      0.000     0.000     0.000        36
      Normal      0.000     0.000     0.000        36

    accuracy                          0.327       107
   macro avg      0.109     0.333     0.164       107
weighted avg      0.107     0.327     0.161       107

  → Saved best checkpoint: runs/checkpoints/imgcnn_txrvd121/cnn_txrvd121_best.pt
[Epoch 02] train: loss=0.6335 acc=0.767 | val: loss=3.0709 acc=0.327 macroAUC=0.571
Per-class (val):
              precision    recall  f1-score   support

         CHF      0.327     1.000     0.493        35
   pneumonia      0.000     0.000     0.000        36
      Normal      0.000     0.000     0.000        36

    accuracy                          0.327       107
   macro avg      0.109     0.333     0.164       107
weighted avg      0.107     0.327     0.161       107

[Epoch 03] train: loss=0.6359 acc=0.774 | val: loss=2.9384 acc=0.327 macroAUC=0.551
Per-class (val):
              precision    recall  f1-score   support

         CHF      0.327     1.000     0.493        35
   pneumonia      0.000     0.000     0.000        36
      Normal      0.000     0.000     0.000        36

    accuracy                          0.327       107
   macro avg      0.109     0.333     0.164       107
weighted avg      0.107     0.327     0.161       107

[Epoch 04] train: loss=0.5973 acc=0.795 | val: loss=2.7800 acc=0.327 macroAUC=0.555
Per-class (val):
              precision    recall  f1-score   support

         CHF      0.327     1.000     0.493        35
   pneumonia      0.000     0.000     0.000        36
      Normal      0.000     0.000     0.000        36

    accuracy                          0.327       107
   macro avg      0.109     0.333     0.164       107
weighted avg      0.107     0.327     0.161       107

[Epoch 05] train: loss=0.5809 acc=0.799 | val: loss=1.2224 acc=0.495 macroAUC=0.742
Per-class (val):
              precision    recall  f1-score   support

         CHF      0.408     0.886     0.559        35
   pneumonia      0.000     0.000     0.000        36
      Normal      0.710     0.611     0.657        36

    accuracy                          0.495       107
   macro avg      0.373     0.499     0.405       107
weighted avg      0.372     0.495     0.404       107

  → Saved best checkpoint: runs/checkpoints/imgcnn_txrvd121/cnn_txrvd121_best.pt
[Epoch 06] Unfreezing backbone
[Epoch 06] train: loss=0.5813 acc=0.806 | val: loss=0.8026 acc=0.710 macroAUC=0.820
Per-class (val):
              precision    recall  f1-score   support

         CHF      0.644     0.829     0.725        35
   pneumonia      0.696     0.444     0.542        36
      Normal      0.795     0.861     0.827        36

    accuracy                          0.710       107
   macro avg      0.712     0.711     0.698       107
weighted avg      0.712     0.710     0.698       107

  → Saved best checkpoint: runs/checkpoints/imgcnn_txrvd121/cnn_txrvd121_best.pt
[Epoch 07] train: loss=0.5202 acc=0.829 | val: loss=0.7753 acc=0.664 macroAUC=0.836
Per-class (val):
              precision    recall  f1-score   support

         CHF      0.667     0.629     0.647        35
   pneumonia      0.594     0.528     0.559        36
      Normal      0.714     0.833     0.769        36

    accuracy                          0.664       107
   macro avg      0.658     0.663     0.658       107
weighted avg      0.658     0.664     0.658       107

  → Saved best checkpoint: runs/checkpoints/imgcnn_txrvd121/cnn_txrvd121_best.pt
[Epoch 08] train: loss=0.4882 acc=0.862 | val: loss=0.6964 acc=0.720 macroAUC=0.884
Per-class (val):
              precision    recall  f1-score   support

         CHF      0.852     0.657     0.742        35
   pneumonia      0.710     0.611     0.657        36
      Normal      0.653     0.889     0.753        36

    accuracy                          0.720       107
   macro avg      0.738     0.719     0.717       107
weighted avg      0.737     0.720     0.717       107

  → Saved best checkpoint: runs/checkpoints/imgcnn_txrvd121/cnn_txrvd121_best.pt
[Epoch 09] train: loss=0.4410 acc=0.885 | val: loss=0.9442 acc=0.570 macroAUC=0.830
Per-class (val):
              precision    recall  f1-score   support

         CHF      0.647     0.629     0.638        35
   pneumonia      0.431     0.694     0.532        36
      Normal      0.933     0.389     0.549        36

    accuracy                          0.570       107
   macro avg      0.670     0.571     0.573       107
weighted avg      0.671     0.570     0.572       107

[Epoch 10] train: loss=0.4274 acc=0.880 | val: loss=0.7104 acc=0.748 macroAUC=0.876
Per-class (val):
              precision    recall  f1-score   support

         CHF      0.682     0.857     0.759        35
   pneumonia      0.826     0.528     0.644        36
      Normal      0.775     0.861     0.816        36

    accuracy                          0.748       107
   macro avg      0.761     0.749     0.740       107
weighted avg      0.762     0.748     0.740       107

[Epoch 11] train: loss=0.3547 acc=0.929 | val: loss=0.6981 acc=0.766 macroAUC=0.886
Per-class (val):
              precision    recall  f1-score   support

         CHF      0.800     0.686     0.738        35
   pneumonia      0.743     0.722     0.732        36
      Normal      0.762     0.889     0.821        36

    accuracy                          0.766       107
   macro avg      0.768     0.766     0.764       107
weighted avg      0.768     0.766     0.764       107

[Epoch 12] train: loss=0.3269 acc=0.939 | val: loss=0.6460 acc=0.766 macroAUC=0.905
Per-class (val):
              precision    recall  f1-score   support

         CHF      0.757     0.800     0.778        35
   pneumonia      0.815     0.611     0.698        36
      Normal      0.744     0.889     0.810        36

    accuracy                          0.766       107
   macro avg      0.772     0.767     0.762       107
weighted avg      0.772     0.766     0.762       107

  → Saved best checkpoint: runs/checkpoints/imgcnn_txrvd121/cnn_txrvd121_best.pt
[Epoch 13] train: loss=0.2959 acc=0.955 | val: loss=0.9686 acc=0.701 macroAUC=0.864
Per-class (val):
              precision    recall  f1-score   support

         CHF      0.646     0.886     0.747        35
   pneumonia      0.812     0.361     0.500        36
      Normal      0.721     0.861     0.785        36

    accuracy                          0.701       107
   macro avg      0.726     0.703     0.677       107
weighted avg      0.727     0.701     0.677       107

[Epoch 14] train: loss=0.2836 acc=0.959 | val: loss=1.1229 acc=0.636 macroAUC=0.852
Per-class (val):
              precision    recall  f1-score   support

         CHF      0.516     0.914     0.660        35
   pneumonia      0.786     0.306     0.440        36
      Normal      0.806     0.694     0.746        36

    accuracy                          0.636       107
   macro avg      0.703     0.638     0.615       107
weighted avg      0.705     0.636     0.615       107

[Epoch 15] train: loss=0.2415 acc=0.980 | val: loss=0.8460 acc=0.682 macroAUC=0.842
Per-class (val):
              precision    recall  f1-score   support

         CHF      0.763     0.829     0.795        35
   pneumonia      0.551     0.750     0.635        36
      Normal      0.850     0.472     0.607        36

    accuracy                          0.682       107
   macro avg      0.721     0.684     0.679       107
weighted avg      0.721     0.682     0.678       107

[Epoch 16] train: loss=0.2415 acc=0.980 | val: loss=0.7885 acc=0.757 macroAUC=0.868
Per-class (val):
              precision    recall  f1-score   support

         CHF      0.757     0.800     0.778        35
   pneumonia      0.643     0.750     0.692        36
      Normal      0.929     0.722     0.812        36

    accuracy                          0.757       107
   macro avg      0.776     0.757     0.761       107
weighted avg      0.776     0.757     0.761       107

[Epoch 17] train: loss=0.2313 acc=0.985 | val: loss=0.8721 acc=0.692 macroAUC=0.861
Per-class (val):
              precision    recall  f1-score   support

         CHF      0.674     0.829     0.744        35
   pneumonia      0.682     0.417     0.517        36
      Normal      0.714     0.833     0.769        36

    accuracy                          0.692       107
   macro avg      0.690     0.693     0.677       107
weighted avg      0.690     0.692     0.676       107

[Epoch 18] train: loss=0.2176 acc=0.989 | val: loss=0.7449 acc=0.766 macroAUC=0.880
Per-class (val):
              precision    recall  f1-score   support

         CHF      0.730     0.771     0.750        35
   pneumonia      0.722     0.722     0.722        36
      Normal      0.853     0.806     0.829        36

    accuracy                          0.766       107
   macro avg      0.768     0.766     0.767       107
weighted avg      0.769     0.766     0.767       107

[Epoch 19] train: loss=0.2313 acc=0.981 | val: loss=0.7929 acc=0.729 macroAUC=0.883
Per-class (val):
              precision    recall  f1-score   support

         CHF      0.684     0.743     0.712        35
   pneumonia      0.714     0.556     0.625        36
      Normal      0.780     0.889     0.831        36

    accuracy                          0.729       107
   macro avg      0.726     0.729     0.723       107
weighted avg      0.727     0.729     0.723       107

[Epoch 20] train: loss=0.2290 acc=0.983 | val: loss=0.7771 acc=0.692 macroAUC=0.884
Per-class (val):
              precision    recall  f1-score   support

         CHF      0.769     0.571     0.656        35
   pneumonia      0.639     0.639     0.639        36
      Normal      0.689     0.861     0.765        36

    accuracy                          0.692       107
   macro avg      0.699     0.690     0.687       107
weighted avg      0.698     0.692     0.687       107

[Epoch 21] train: loss=0.2020 acc=0.997 | val: loss=1.0715 acc=0.607 macroAUC=0.838
Per-class (val):
              precision    recall  f1-score   support

         CHF      0.800     0.686     0.738        35
   pneumonia      0.469     0.833     0.600        36
      Normal      0.846     0.306     0.449        36

    accuracy                          0.607       107
   macro avg      0.705     0.608     0.596       107
weighted avg      0.704     0.607     0.594       107

[Epoch 22] train: loss=0.2024 acc=0.999 | val: loss=0.8055 acc=0.738 macroAUC=0.878
Per-class (val):
              precision    recall  f1-score   support

         CHF      0.620     0.886     0.729        35
   pneumonia      0.767     0.639     0.697        36
      Normal      0.926     0.694     0.794        36

    accuracy                          0.738       107
   macro avg      0.771     0.740     0.740       107
weighted avg      0.772     0.738     0.740       107

Early stopping (no improvement for 10 epochs).
[Test] loss=0.7890 acc=0.749 macroAUC=0.868
Per-class (test):
              precision    recall  f1-score   support

         CHF      0.718     0.836     0.772        73
   pneumonia      0.768     0.589     0.667        73
      Normal      0.769     0.822     0.795        73

    accuracy                          0.749       219
   macro avg      0.752     0.749     0.745       219
weighted avg      0.752     0.749     0.745       219

Training finished.
Finished at: Fri Oct 31 06:08:02 AM CDT 2025
