Starting training at: Thu Oct 30 09:50:59 AM CDT 2025
EGDCXRDataset ready: 756 cases | regions=4 | bbox_classes=17
EGDCXRDataset ready: 107 cases | regions=4 | bbox_classes=17
Epoch 001 | train: loss=4.5675 cls=0.9548 txt=3.6126 | val: loss=1.5665 acc=0.327
  ↳ saved best checkpoint to: runs/checkpoints/tmrnn_egd_cxr_best_gold.pt
Epoch 002 | train: loss=3.7943 cls=0.7013 txt=3.0930 | val: loss=1.8268 acc=0.327
Epoch 003 | train: loss=3.5099 cls=0.6220 txt=2.8879 | val: loss=0.9506 acc=0.495
  ↳ saved best checkpoint to: runs/checkpoints/tmrnn_egd_cxr_best_gold.pt
Epoch 004 | train: loss=3.3543 cls=0.5392 txt=2.8151 | val: loss=0.6918 acc=0.738
  ↳ saved best checkpoint to: runs/checkpoints/tmrnn_egd_cxr_best_gold.pt
Epoch 005 | train: loss=3.2521 cls=0.5038 txt=2.7483 | val: loss=1.2463 acc=0.533
Epoch 006 | train: loss=3.1197 cls=0.4467 txt=2.6730 | val: loss=0.6965 acc=0.738
Epoch 007 | train: loss=3.0630 cls=0.4060 txt=2.6570 | val: loss=1.5411 acc=0.495
Epoch 008 | train: loss=2.9646 cls=0.3257 txt=2.6389 | val: loss=0.7160 acc=0.757
Epoch 009 | train: loss=2.8700 cls=0.2765 txt=2.5935 | val: loss=0.6858 acc=0.720
  ↳ saved best checkpoint to: runs/checkpoints/tmrnn_egd_cxr_best_gold.pt
Epoch 010 | train: loss=2.8467 cls=0.2655 txt=2.5812 | val: loss=1.0093 acc=0.682
Epoch 011 | train: loss=2.7387 cls=0.2529 txt=2.4858 | val: loss=1.0146 acc=0.692
Epoch 012 | train: loss=2.7262 cls=0.2723 txt=2.4539 | val: loss=0.8987 acc=0.701
Epoch 013 | train: loss=2.6534 cls=0.2152 txt=2.4381 | val: loss=0.8721 acc=0.682
Epoch 014 | train: loss=2.6329 cls=0.2122 txt=2.4207 | val: loss=0.9644 acc=0.682
Epoch 015 | train: loss=2.6073 cls=0.2150 txt=2.3923 | val: loss=0.9952 acc=0.682
Epoch 016 | train: loss=2.5593 cls=0.2337 txt=2.3255 | val: loss=0.8930 acc=0.729
Epoch 017 | train: loss=2.5070 cls=0.2115 txt=2.2955 | val: loss=0.8561 acc=0.720
Epoch 018 | train: loss=2.5664 cls=0.2194 txt=2.3469 | val: loss=0.8364 acc=0.720
Epoch 019 | train: loss=2.4330 cls=0.2041 txt=2.2289 | val: loss=1.1930 acc=0.682
Epoch 020 | train: loss=2.4710 cls=0.2096 txt=2.2613 | val: loss=0.7842 acc=0.729
Epoch 021 | train: loss=2.4764 cls=0.1977 txt=2.2787 | val: loss=0.8314 acc=0.738
Epoch 022 | train: loss=2.4363 cls=0.2268 txt=2.2095 | val: loss=0.9641 acc=0.701
Epoch 023 | train: loss=2.4488 cls=0.2085 txt=2.2403 | val: loss=0.7891 acc=0.776
Epoch 024 | train: loss=2.4383 cls=0.2307 txt=2.2076 | val: loss=0.8247 acc=0.738
Epoch 025 | train: loss=2.2908 cls=0.1817 txt=2.1092 | val: loss=0.7521 acc=0.748
Epoch 026 | train: loss=2.4002 cls=0.2019 txt=2.1983 | val: loss=0.8514 acc=0.729
Epoch 027 | train: loss=2.2956 cls=0.2239 txt=2.0717 | val: loss=0.9835 acc=0.673
Epoch 028 | train: loss=2.2835 cls=0.2015 txt=2.0820 | val: loss=0.9166 acc=0.654
Epoch 029 | train: loss=2.2905 cls=0.1967 txt=2.0937 | val: loss=0.8532 acc=0.738
Epoch 030 | train: loss=2.2247 cls=0.1994 txt=2.0253 | val: loss=1.1093 acc=0.636
Epoch 031 | train: loss=2.2198 cls=0.1896 txt=2.0301 | val: loss=0.8392 acc=0.710
Epoch 032 | train: loss=2.2366 cls=0.2011 txt=2.0356 | val: loss=0.8882 acc=0.720
Epoch 033 | train: loss=2.2183 cls=0.1989 txt=2.0194 | val: loss=0.8914 acc=0.729
Epoch 034 | train: loss=2.2213 cls=0.2046 txt=2.0166 | val: loss=1.0039 acc=0.682
Epoch 035 | train: loss=2.1378 cls=0.1980 txt=1.9397 | val: loss=1.0792 acc=0.692
Epoch 036 | train: loss=2.1651 cls=0.2099 txt=1.9552 | val: loss=0.7186 acc=0.729
Epoch 037 | train: loss=2.1276 cls=0.1899 txt=1.9377 | val: loss=0.8992 acc=0.692
Epoch 038 | train: loss=2.1495 cls=0.2015 txt=1.9479 | val: loss=0.7782 acc=0.720
Epoch 039 | train: loss=2.0929 cls=0.1943 txt=1.8987 | val: loss=1.4938 acc=0.486
Epoch 040 | train: loss=2.0752 cls=0.2102 txt=1.8651 | val: loss=0.8801 acc=0.738
Epoch 041 | train: loss=2.0944 cls=0.1884 txt=1.9060 | val: loss=0.8410 acc=0.748
Epoch 042 | train: loss=2.0892 cls=0.1836 txt=1.9056 | val: loss=0.8961 acc=0.729
Epoch 043 | train: loss=2.0492 cls=0.1986 txt=1.8506 | val: loss=0.9619 acc=0.701
Epoch 044 | train: loss=2.0274 cls=0.1836 txt=1.8438 | val: loss=1.0230 acc=0.682
Epoch 045 | train: loss=2.0241 cls=0.1793 txt=1.8448 | val: loss=1.0641 acc=0.692
Epoch 046 | train: loss=1.9933 cls=0.1959 txt=1.7974 | val: loss=0.9060 acc=0.682
Epoch 047 | train: loss=1.9749 cls=0.1910 txt=1.7839 | val: loss=0.9133 acc=0.729
Epoch 048 | train: loss=2.0055 cls=0.2030 txt=1.8025 | val: loss=0.8897 acc=0.720
Epoch 049 | train: loss=1.9664 cls=0.1859 txt=1.7805 | val: loss=0.8504 acc=0.701
Epoch 050 | train: loss=1.9100 cls=0.1940 txt=1.7159 | val: loss=0.9444 acc=0.692
Done.
Finished at: Thu Oct 30 11:55:47 AM CDT 2025
