/project/hnguyen2/mvu9/conda_envs/wsi-agent/lib/python3.11/site-packages/transformers/utils/hub.py:110: FutureWarning: Using `TRANSFORMERS_CACHE` is deprecated and will be removed in v5 of Transformers. Use `HF_HOME` instead.
  warnings.warn(
Traceback (most recent call last):
  File "/project/hnguyen2/mvu9/folder_04_ma/gaze-01/main_train_tmrnn_gold_gr.py", line 235, in <module>
    tr_loss, tr_cls, tr_txt = train_one_epoch(model, train_dl, tok, cfg)
                              ^^^^^^^^^^^^^^^^^^^^^^^^^^^^^^^^^^^^^^^^^^
  File "/project/hnguyen2/mvu9/folder_04_ma/gaze-01/main_train_tmrnn_gold_gr.py", line 86, in train_one_epoch
    cls_logits, txt_logits = model(batch, transcripts_ids=txt_ids)
                             ^^^^^^^^^^^^^^^^^^^^^^^^^^^^^^^^^^^^^
  File "/project/hnguyen2/mvu9/conda_envs/wsi-agent/lib/python3.11/site-packages/torch/nn/modules/module.py", line 1775, in _wrapped_call_impl
    return self._call_impl(*args, **kwargs)
           ^^^^^^^^^^^^^^^^^^^^^^^^^^^^^^^^
  File "/project/hnguyen2/mvu9/conda_envs/wsi-agent/lib/python3.11/site-packages/torch/nn/modules/module.py", line 1786, in _call_impl
    return forward_call(*args, **kwargs)
           ^^^^^^^^^^^^^^^^^^^^^^^^^^^^^
  File "/project/hnguyen2/mvu9/folder_04_ma/gaze-01/src/models/tmrnn_gold_gr.py", line 183, in forward
    out = self.t5(
          ^^^^^^^^
  File "/project/hnguyen2/mvu9/conda_envs/wsi-agent/lib/python3.11/site-packages/torch/nn/modules/module.py", line 1775, in _wrapped_call_impl
    return self._call_impl(*args, **kwargs)
           ^^^^^^^^^^^^^^^^^^^^^^^^^^^^^^^^
  File "/project/hnguyen2/mvu9/conda_envs/wsi-agent/lib/python3.11/site-packages/torch/nn/modules/module.py", line 1786, in _call_impl
    return forward_call(*args, **kwargs)
           ^^^^^^^^^^^^^^^^^^^^^^^^^^^^^
TypeError: T5ForConditionalGeneration.forward() got an unexpected keyword argument 'encoder_attention_mask'
srun: error: compute-0-8: task 0: Exited with exit code 1
